// Jest Snapshot v1, https://goo.gl/fbAQLP

exports[`SimpleModalCreation snapshot 1`] = `
<body
  class="modal-open"
>
  <div />
  <div
    style="position: relative; z-index: 1050; display: block;"
    tabindex="-1"
  >
    <div
      class=""
    >
      <div
        class="modal fade"
        role="dialog"
        style="display: block;"
        tabindex="-1"
      >
        <div
          class="modal-dialog"
          role="document"
        >
          <div
            class="modal-content"
          >
            <div
              class="modal-header"
            >
              <h2
                class="modal-title"
              >
                Modal Test
              </h2>
            </div>
            <div
              class="modal-body"
            >
              <div>
                From test
              </div>
            </div>
            <div
              class="modal-footer"
            />
          </div>
        </div>
      </div>
      <div
        class="modal-backdrop fade"
      />
    </div>
  </div>
</body>
`;
